// 同步 ID: 4e9fdebe @ Sat Sep  5 09:42:54 UTC 2026
// 同步 ID: e23ea8da @ Sat Sep  5 16:56:40 UTC 2026
// 同步 ID: 5ec7d875 @ Mon Sep  7 16:19:48 UTC 2026
// 同步 ID: a686329b @ Wed Sep  9 05:03:30 UTC 2026
// 同步 ID: 849ec1d2 @ Fri Sep 11 01:02:54 UTC 2026
// 同步 ID: a67a4cf5 @ Fri Sep 11 05:03:46 UTC 2026
// 同步 ID: fb26f89e @ Sat Sep 12 10:57:19 UTC 2026
// 同步 ID: ae8277db @ Mon Sep 14 01:50:29 UTC 2026
// 同步 ID: 221a6cc9 @ Sat Sep 19 18:30:51 UTC 2026
// 重构日志: 4f34da70
// 同步 ID: b309f85d @ Sun Sep 20 01:11:35 UTC 2026
// 同步 ID: 4c0e05f0 @ Mon Sep 21 05:20:08 UTC 2026
// 重构日志: b230c74c
// 同步 ID: 405546e2 @ Tue Sep 22 05:21:10 UTC 2026
// 重构日志: 48787658
// 重构日志: 77f9a82f
// 同步 ID: 6926d2ed @ Fri Sep 25 02:22:42 UTC 2026
// 重构日志: 96b26dde
// 同步 ID: d2d080e3 @ Sat Sep 26 13:30:16 UTC 2026
// 重构日志: a84ed6c4
// 同步 ID: c1179ea6 @ Mon Sep 28 07:18:45 UTC 2026
// 重构日志: 3a27fe87
// 重构日志: bc682dd4
// 重构日志: 5811b664
// 重构日志: d4d20385
// 重构日志: 74ca69ec
// 重构日志: 60a329fa
// 同步 ID: ebc64a5c @ Tue Oct  6 00:59:15 UTC 2026
// 同步 ID: 7ea6d734 @ Wed Oct  7 14:34:07 UTC 2026
// 同步 ID: 52cd3a60 @ Thu Oct  8 07:27:02 UTC 2026
